// Jest Snapshot v1, https://goo.gl/fbAQLP

exports[`SignInPage Render SignInPage 1`] = `
<div
  className="user-page"
>
  <header
    className="page-header user-page__head"
  >
    <a
      className="logo__link"
      href="/"
      onClick={[Function]}
    >
      <div
        className="logo"
      >
        <span
          className="logo__letter logo__letter--1"
        >
          W
        </span>
        <span
          className="logo__letter logo__letter--2"
        >
          T
        </span>
        <span
          className="logo__letter logo__letter--3"
        >
          W
        </span>
      </div>
    </a>
    <h1
      className="page-title user-page__title"
    >
      Sign in
    </h1>
    
    
  </header>
  <div
    className="sign-in user-page__content"
  >
    <form
      action="#"
      className="sign-in__form"
    >
      
      <div
        className="sign-in__fields"
      >
        <div
          className="sign-in__field"
        >
          <input
            className="sign-in__input"
            id="user-email"
            name="user-email"
            onChange={[Function]}
            placeholder="Email address"
            type="email"
          />
          <label
            className="sign-in__label visually-hidden"
            htmlFor="user-email"
          >
            Email address
          </label>
        </div>
        <div
          className="sign-in__field"
        >
          <input
            className="sign-in__input"
            id="user-password"
            name="user-password"
            placeholder="Password"
            type="password"
          />
          <label
            className="sign-in__label visually-hidden"
            htmlFor="user-password"
          >
            Password
          </label>
        </div>
      </div>
      <div
        className="sign-in__submit"
      >
        <a
          className="sign-in__btn"
          href="/"
          onClick={[Function]}
          type="submit"
        >
          Sign in
        </a>
      </div>
    </form>
  </div>
  <footer
    className="page-footer"
  >
    <div
      className="logo"
    >
      <a
        className="logo__link logo__link--light"
        href="/"
        onClick={[Function]}
      >
        <span
          className="logo__letter logo__letter--1"
        >
          W
        </span>
        <span
          className="logo__letter logo__letter--2"
        >
          T
        </span>
        <span
          className="logo__letter logo__letter--3"
        >
          W
        </span>
      </a>
    </div>
    <div
      className="copyright"
    >
      <p>
        Â© 2019 What to watch Ltd.
      </p>
    </div>
  </footer>
</div>
`;
