// Jest Snapshot v1, https://goo.gl/fbAQLP

exports[`PrivateRoute Render PrivateRoute 1`] = `null`;
