// Jest Snapshot v1, https://goo.gl/fbAQLP

exports[`LoadingPage Render LoadingPage 1`] = `
Array [
  <section
    className="movie-card"
  >
    <h1
      className="visually-hidden"
    >
      WTW
    </h1>
    <header
      className="page-header user-page__head"
    >
      <a
        className="logo__link"
        href="/"
        onClick={[Function]}
      >
        <div
          className="logo"
        >
          <span
            className="logo__letter logo__letter--1"
          >
            W
          </span>
          <span
            className="logo__letter logo__letter--2"
          >
            T
          </span>
          <span
            className="logo__letter logo__letter--3"
          >
            W
          </span>
        </div>
      </a>
      
      
      
    </header>
    <div
      className="movie-card__wrap"
    >
      <div
        className="movie-card__info"
      >
        <div
          className="movie-card__desc"
        >
          <h2
            className="movie-card__title"
          >
            Loading...
          </h2>
        </div>
      </div>
    </div>
  </section>,
  <div
    className="page-content"
  >
    <footer
      className="page-footer"
    >
      <div
        className="logo"
      >
        <a
          className="logo__link logo__link--light"
          href="/"
          onClick={[Function]}
        >
          <span
            className="logo__letter logo__letter--1"
          >
            W
          </span>
          <span
            className="logo__letter logo__letter--2"
          >
            T
          </span>
          <span
            className="logo__letter logo__letter--3"
          >
            W
          </span>
        </a>
      </div>
      <div
        className="copyright"
      >
        <p>
          Â© 2019 What to watch Ltd.
        </p>
      </div>
    </footer>
  </div>,
]
`;
