// Jest Snapshot v1, https://goo.gl/fbAQLP

exports[`MovieReviews Render MovieReviews 1`] = `
<div
  className="movie-card__reviews movie-card__row"
>
  <div
    className="movie-card__reviews-col"
  >
    <div
      className="review"
    >
      <blockquote
        className="review__quote"
      >
        <p
          className="review__text"
        >
          Comment Author-1 to Movie-11.
        </p>
        <footer
          className="review__details"
        >
          <cite
            className="review__author"
          >
            Reviewer-1
          </cite>
          <time
            className="review__date"
            dateTime="2011-01-01"
          >
            January 01, 2011
          </time>
        </footer>
      </blockquote>
      <div
        className="review__rating"
      >
        1.0
      </div>
    </div>
    <div
      className="review"
    >
      <blockquote
        className="review__quote"
      >
        <p
          className="review__text"
        >
          Comment Author-2 to Movie-11.
        </p>
        <footer
          className="review__details"
        >
          <cite
            className="review__author"
          >
            Reviewer-2
          </cite>
          <time
            className="review__date"
            dateTime="2012-02-02"
          >
            February 02, 2012
          </time>
        </footer>
      </blockquote>
      <div
        className="review__rating"
      >
        2.0
      </div>
    </div>
    <div
      className="review"
    >
      <blockquote
        className="review__quote"
      >
        <p
          className="review__text"
        >
          Comment Author-3 to Movie-11.
        </p>
        <footer
          className="review__details"
        >
          <cite
            className="review__author"
          >
            Reviewer-3
          </cite>
          <time
            className="review__date"
            dateTime="2013-03-03"
          >
            March 03, 2013
          </time>
        </footer>
      </blockquote>
      <div
        className="review__rating"
      >
        3.0
      </div>
    </div>
    <div
      className="review"
    >
      <blockquote
        className="review__quote"
      >
        <p
          className="review__text"
        >
          Comment Author-4 to Movie-11.
        </p>
        <footer
          className="review__details"
        >
          <cite
            className="review__author"
          >
            Reviewer-4
          </cite>
          <time
            className="review__date"
            dateTime="2014-04-04"
          >
            April 04, 2014
          </time>
        </footer>
      </blockquote>
      <div
        className="review__rating"
      >
        5.0
      </div>
    </div>
    <div
      className="review"
    >
      <blockquote
        className="review__quote"
      >
        <p
          className="review__text"
        >
          Comment Author-1 to Movie-22.
        </p>
        <footer
          className="review__details"
        >
          <cite
            className="review__author"
          >
            Reviewer-1
          </cite>
          <time
            className="review__date"
            dateTime="2015-05-05"
          >
            May 05, 2015
          </time>
        </footer>
      </blockquote>
      <div
        className="review__rating"
      >
        1.0
      </div>
    </div>
  </div>
  <div
    className="movie-card__reviews-col"
  >
    <div
      className="review"
    >
      <blockquote
        className="review__quote"
      >
        <p
          className="review__text"
        >
          Comment Author-2 to Movie-22.
        </p>
        <footer
          className="review__details"
        >
          <cite
            className="review__author"
          >
            Reviewer-2
          </cite>
          <time
            className="review__date"
            dateTime="2016-06-06"
          >
            June 06, 2016
          </time>
        </footer>
      </blockquote>
      <div
        className="review__rating"
      >
        2.0
      </div>
    </div>
    <div
      className="review"
    >
      <blockquote
        className="review__quote"
      >
        <p
          className="review__text"
        >
          Comment Author-3 to Movie-22.
        </p>
        <footer
          className="review__details"
        >
          <cite
            className="review__author"
          >
            Reviewer-3
          </cite>
          <time
            className="review__date"
            dateTime="2017-07-07"
          >
            July 07, 2017
          </time>
        </footer>
      </blockquote>
      <div
        className="review__rating"
      >
        3.0
      </div>
    </div>
    <div
      className="review"
    >
      <blockquote
        className="review__quote"
      >
        <p
          className="review__text"
        >
          Comment Author-4 to Movie-22.
        </p>
        <footer
          className="review__details"
        >
          <cite
            className="review__author"
          >
            Reviewer-4
          </cite>
          <time
            className="review__date"
            dateTime="2018-08-08"
          >
            August 08, 2018
          </time>
        </footer>
      </blockquote>
      <div
        className="review__rating"
      >
        4.0
      </div>
    </div>
    <div
      className="review"
    >
      <blockquote
        className="review__quote"
      >
        <p
          className="review__text"
        >
          Comment Author-5 to Movie-22.
        </p>
        <footer
          className="review__details"
        >
          <cite
            className="review__author"
          >
            Reviewer-5
          </cite>
          <time
            className="review__date"
            dateTime="2019-09-09"
          >
            September 09, 2019
          </time>
        </footer>
      </blockquote>
      <div
        className="review__rating"
      >
        5.0
      </div>
    </div>
    <div
      className="review"
    >
      <blockquote
        className="review__quote"
      >
        <p
          className="review__text"
        >
          Comment Author-3 to Movie-33.
        </p>
        <footer
          className="review__details"
        >
          <cite
            className="review__author"
          >
            Reviewer-3
          </cite>
          <time
            className="review__date"
            dateTime="2020-10-10"
          >
            October 10, 2020
          </time>
        </footer>
      </blockquote>
      <div
        className="review__rating"
      >
        3.0
      </div>
    </div>
  </div>
</div>
`;
