// Jest Snapshot v1, https://goo.gl/fbAQLP

exports[`withAddReview MockComponentWrapped Render withAddReview MockComponentWrapped 1`] = `<div />`;
