// Jest Snapshot v1, https://goo.gl/fbAQLP

exports[`MovieButtons Render MovieButtons 1`] = `
<div
  className="movie-card__buttons"
>
  <a
    className="btn btn--play movie-card__button"
    href="/player/1"
    onClick={[Function]}
    type="button"
  >
    <svg
      height="19"
      viewBox="0 0 19 19"
      width="19"
    >
      <use
        xlinkHref="#play-s"
      />
    </svg>
    <span>
      Play
    </span>
  </a>
  <button
    className="btn btn--list movie-card__button"
    onClick={[Function]}
    type="button"
  >
    <svg
      height="14"
      viewBox="0 0 18 14"
      width="18"
    >
      <use
        xlinkHref="#in-list"
      />
    </svg>
    <span>
      My list
    </span>
  </button>
  
</div>
`;
