// Jest Snapshot v1, https://goo.gl/fbAQLP

exports[`App Render App 1`] = `
Array [
  <section
    className="movie-card"
  >
    <div
      className="movie-card__bg"
    >
      <img
        alt="Movie_title"
        src="Movie_image"
      />
    </div>
    <h1
      className="visually-hidden"
    >
      WTW
    </h1>
    <header
      className="page-header movie-card__head"
    >
      <a
        className="logo__link"
        href="/"
        onClick={[Function]}
      >
        <div
          className="logo"
        >
          <span
            className="logo__letter logo__letter--1"
          >
            W
          </span>
          <span
            className="logo__letter logo__letter--2"
          >
            T
          </span>
          <span
            className="logo__letter logo__letter--3"
          >
            W
          </span>
        </div>
      </a>
      
      
      <div
        className="user-block"
      >
        <a
          href="/mylist"
          onClick={[Function]}
        >
          <div
            className="user-block__avatar"
          >
            <img
              alt="Auth Name"
              height="63"
              src="Auth Avatar"
              width="63"
            />
          </div>
        </a>
      </div>
    </header>
    <div
      className="movie-card__wrap"
    >
      <div
        className="movie-card__info"
      >
        <div
          className="movie-card__poster"
        >
          <img
            alt="Movie_title"
            height="327"
            src="Movie_image"
            width="218"
          />
        </div>
        <div
          className="movie-card__desc"
        >
          <h2
            className="movie-card__title"
          >
            Movie_title
          </h2>
          <p
            className="movie-card__meta"
          >
            <span
              className="movie-card__genre"
            >
              Genre
            </span>
            <span
              className="movie-card__year"
            >
              5555
            </span>
          </p>
          <div
            className="movie-card__buttons"
          >
            <a
              className="btn btn--play movie-card__button"
              href="/player/555"
              onClick={[Function]}
              type="button"
            >
              <svg
                height="19"
                viewBox="0 0 19 19"
                width="19"
              >
                <use
                  xlinkHref="#play-s"
                />
              </svg>
              <span>
                Play
              </span>
            </a>
            <button
              className="btn btn--list movie-card__button"
              onClick={[Function]}
              type="button"
            >
              <svg
                height="14"
                viewBox="0 0 18 14"
                width="18"
              >
                <use
                  xlinkHref="#in-list"
                />
              </svg>
              <span>
                My list
              </span>
            </button>
            
          </div>
        </div>
      </div>
    </div>
  </section>,
  <div
    className="page-content"
  >
    <section
      className="catalog"
    >
      <h2
        className="catalog__title visually-hidden"
      >
        Catalog
      </h2>
      <ul
        className="catalog__genres-list"
      >
        <li
          className="catalog__genres-item "
        >
          <a
            className="catalog__genres-link"
            href="#"
            onClick={[Function]}
          >
            All genres
          </a>
        </li>
        <li
          className="catalog__genres-item "
        >
          <a
            className="catalog__genres-link"
            href="#"
            onClick={[Function]}
          >
            Genre-1
          </a>
        </li>
        <li
          className="catalog__genres-item catalog__genres-item--active"
        >
          <a
            className="catalog__genres-link"
            href="#"
            onClick={[Function]}
          >
            Genre-2
          </a>
        </li>
        <li
          className="catalog__genres-item "
        >
          <a
            className="catalog__genres-link"
            href="#"
            onClick={[Function]}
          >
            Genre-4
          </a>
        </li>
        <li
          className="catalog__genres-item "
        >
          <a
            className="catalog__genres-link"
            href="#"
            onClick={[Function]}
          >
            Genre-5
          </a>
        </li>
        <li
          className="catalog__genres-item "
        >
          <a
            className="catalog__genres-link"
            href="#"
            onClick={[Function]}
          >
            Genre-6
          </a>
        </li>
        <li
          className="catalog__genres-item "
        >
          <a
            className="catalog__genres-link"
            href="#"
            onClick={[Function]}
          >
            Genre-7
          </a>
        </li>
        <li
          className="catalog__genres-item "
        >
          <a
            className="catalog__genres-link"
            href="#"
            onClick={[Function]}
          >
            Genre-8
          </a>
        </li>
        <li
          className="catalog__genres-item "
        >
          <a
            className="catalog__genres-link"
            href="#"
            onClick={[Function]}
          >
            Genre-9
          </a>
        </li>
        <li
          className="catalog__genres-item "
        >
          <a
            className="catalog__genres-link"
            href="#"
            onClick={[Function]}
          >
            Genre-10
          </a>
        </li>
      </ul>
      <div
        className="catalog__movies-list"
      >
        <article
          className="small-movie-card catalog__movies-card"
          onMouseEnter={[Function]}
          onMouseLeave={[Function]}
        >
          <a
            href="/films/22"
            onClick={[Function]}
          >
            <div
              className="small-movie-card__image"
            >
              <video
                className="player__video"
                poster="Preview_Image of Movie_title-2."
              />
              <img
                alt="Movie_title-2"
                height="175"
                src="Movie_image-2"
                width="280"
              />
            </div>
          </a>
          <h3
            className="small-movie-card__title"
          >
            <a
              className="small-movie-card__link"
              href="/films/22"
              onClick={[Function]}
            >
              Movie_title-2
            </a>
          </h3>
        </article>
      </div>
      
    </section>
    <footer
      className="page-footer"
    >
      <div
        className="logo"
      >
        <a
          className="logo__link logo__link--light"
          href="/"
          onClick={[Function]}
        >
          <span
            className="logo__letter logo__letter--1"
          >
            W
          </span>
          <span
            className="logo__letter logo__letter--2"
          >
            T
          </span>
          <span
            className="logo__letter logo__letter--3"
          >
            W
          </span>
        </a>
      </div>
      <div
        className="copyright"
      >
        <p>
          Â© 2019 What to watch Ltd.
        </p>
      </div>
    </footer>
  </div>,
]
`;
