// Jest Snapshot v1, https://goo.gl/fbAQLP

exports[`ShowMoreButton Render ShowMoreButton 1`] = `""`;
