// Jest Snapshot v1, https://goo.gl/fbAQLP

exports[`PlayerPage Render PlayerPage 1`] = `
<div
  className="player"
>
  <a
    className="player__exit"
    href="/films/1"
    onClick={[Function]}
    type="button"
  >
    Exit
  </a>
  <div
    className="player__controls"
  >
    <div
      className="player__controls-row"
    >
      <div
        className="player__time"
      >
        <progress
          className="player__progress"
          max={19440}
          value={224}
        />
        <div
          className="player__toggler"
          style={
            Object {
              "left": "20%",
            }
          }
        >
          Toggler
        </div>
      </div>
      <div
        className="player__time-value"
      >
        1:23:45
      </div>
    </div>
    <div
      className="player__controls-row"
    >
      <button
        className="player__play"
        onClick={[Function]}
        type="button"
      >
        <svg
          height="21"
          viewBox="0 0 14 21"
          width="14"
        >
          <use
            xlinkHref="#pause"
          />
        </svg>
        <span>
          Pause
        </span>
      </button>
      <div
        className="player__name"
      >
        Movie_title-1
      </div>
      <button
        className="player__full-screen"
        onClick={[Function]}
        type="button"
      >
        <svg
          height="27"
          viewBox="0 0 27 27"
          width="27"
        >
          <use
            xlinkHref="#full-screen"
          />
        </svg>
        <span>
          Full screen
        </span>
      </button>
    </div>
  </div>
</div>
`;
