// Jest Snapshot v1, https://goo.gl/fbAQLP

exports[`SmallMovieCard Render SmallMovieCard 1`] = `
<article
  className="small-movie-card catalog__movies-card"
  onMouseEnter={[Function]}
  onMouseLeave={[Function]}
>
  <a
    href="/films/1"
    onClick={[Function]}
  >
    <div
      className="small-movie-card__image"
    >
      <video
        className="player__video"
        poster="Preview_Image of Movie_title."
      />
      <img
        alt="Movie_title-1"
        height="175"
        src="Movie_image-1"
        width="280"
      />
    </div>
  </a>
  <h3
    className="small-movie-card__title"
  >
    <a
      className="small-movie-card__link"
      href="/films/1"
      onClick={[Function]}
    >
      Movie_title-1
    </a>
  </h3>
</article>
`;
