// Jest Snapshot v1, https://goo.gl/fbAQLP

exports[`AddReviewPage Render AddReviewPage 1`] = `
<section
  className="movie-card movie-card--full"
  style={
    Object {
      "background": "#000101",
    }
  }
>
  <div
    className="movie-card__header"
  >
    <div
      className="movie-card__bg"
    >
      <img
        alt="Movie_title-1"
        src="Movie_image-1"
      />
    </div>
    <h1
      className="visually-hidden"
    >
      WTW
    </h1>
    <header
      className="page-header"
    >
      <a
        className="logo__link"
        href="/"
        onClick={[Function]}
      >
        <div
          className="logo"
        >
          <span
            className="logo__letter logo__letter--1"
          >
            W
          </span>
          <span
            className="logo__letter logo__letter--2"
          >
            T
          </span>
          <span
            className="logo__letter logo__letter--3"
          >
            W
          </span>
        </div>
      </a>
      <nav
        className="breadcrumbs"
      >
        <ul
          className="breadcrumbs__list"
        >
          <li
            className="breadcrumbs__item"
          >
            <a
              className="breadcrumbs__link"
              href="/films/1"
              onClick={[Function]}
            >
              Movie_title-1
            </a>
          </li>
          <li
            className="breadcrumbs__item"
          >
            <a
              className="breadcrumbs__link"
            >
              Add review
            </a>
          </li>
        </ul>
      </nav>
      
      <div
        className="user-block"
      >
        <a
          className="user-block__link"
          href="/login"
          onClick={[Function]}
        >
          Sign in
        </a>
      </div>
    </header>
    <div
      className="movie-card__poster movie-card__poster--small"
    >
      <img
        alt="Movie_title-1"
        height="327"
        src="Movie_image-1"
        width="218"
      />
    </div>
  </div>
  <div
    className="add-review"
    style={
      Object {
        "background": "#000101",
      }
    }
  >
    <form
      action="#"
      className="add-review__form"
    >
      <div
        className="rating"
      >
        <div
          className="rating__stars"
          disabled={true}
          onChange={[Function]}
        >
          <input
            checked={false}
            className="rating__input"
            id="star-1"
            name="rating"
            readOnly={true}
            type="radio"
            value={1}
          />
          <label
            className="rating__label"
            htmlFor="star-1"
          >
            Rating 
            1
          </label>
          <input
            checked={false}
            className="rating__input"
            id="star-2"
            name="rating"
            readOnly={true}
            type="radio"
            value={2}
          />
          <label
            className="rating__label"
            htmlFor="star-2"
          >
            Rating 
            2
          </label>
          <input
            checked={false}
            className="rating__input"
            id="star-3"
            name="rating"
            readOnly={true}
            type="radio"
            value={3}
          />
          <label
            className="rating__label"
            htmlFor="star-3"
          >
            Rating 
            3
          </label>
          <input
            checked={false}
            className="rating__input"
            id="star-4"
            name="rating"
            readOnly={true}
            type="radio"
            value={4}
          />
          <label
            className="rating__label"
            htmlFor="star-4"
          >
            Rating 
            4
          </label>
          <input
            checked={false}
            className="rating__input"
            id="star-5"
            name="rating"
            readOnly={true}
            type="radio"
            value={5}
          />
          <label
            className="rating__label"
            htmlFor="star-5"
          >
            Rating 
            5
          </label>
        </div>
      </div>
      <div
        className="add-review__text"
      >
        <textarea
          className="add-review__textarea"
          disabled={true}
          id="review-text"
          maxLength={400}
          minLength={50}
          name="review-text"
          onChange={[Function]}
          placeholder="Review text"
          required={true}
        />
        <div
          className="add-review__submit"
        >
          <button
            className="add-review__btn"
            disabled={true}
            onClick={[Function]}
            type="submit"
          >
            Post
          </button>
        </div>
      </div>
      
    </form>
  </div>
</section>
`;
